PHP: https://secure.php.net/manual/en/reserved.keywords.php
Swift: https://developer.apple.com/library/content/documentation/Swift/Conceptual/Swift_Programming_Language/LexicalStructure.html#//apple_ref/doc/uid/TP40014097-CH30-ID413
Java 8.0: https://docs.oracle.com/javase/specs/jls/se8/html/jls-3.html#jls-3.9
Python 3: https://docs.python.org/3/reference/lexical_analysis.html#keywords
C11: http://www.open-std.org/jtc1/sc22/wg14/www/docs/n1570.pdf#76
Javascript: https://developer.mozilla.org/en-US/docs/Web/JavaScript/Reference/Lexical_grammar#Reserved_keywords_as_of_ECMAScript_6
Go: https://golang.org/ref/spec#Keywords
